Copyright 1986-2017 Xilinx, Inc. All Rights Reserved.
--------------------------------------------------------------------------------------------------------------------------------------------------------------------------------------
| Tool Version : Vivado v.2017.4 (lin64) Build 2086221 Fri Dec 15 20:54:30 MST 2017
| Date         : Mon Jun 24 00:12:31 2019
| Host         : rf-Aspire-ES1-572 running 64-bit Ubuntu 16.04.5 LTS
| Command      : report_methodology -file design_1_wrapper_methodology_drc_routed.rpt -pb design_1_wrapper_methodology_drc_routed.pb -rpx design_1_wrapper_methodology_drc_routed.rpx
| Design       : design_1_wrapper
| Device       : xc7z010clg400-1
| Speed File   : -1
| Design State : Routed
--------------------------------------------------------------------------------------------------------------------------------------------------------------------------------------

Report Methodology

Table of Contents
-----------------
1. REPORT SUMMARY
2. REPORT DETAILS

1. REPORT SUMMARY
-----------------
            Netlist: netlist
          Floorplan: design_1
      Design limits: <entire design considered>
             Max violations: <unlimited>
             Violations found: 150
+-----------+----------+-------------------------------+------------+
| Rule      | Severity | Description                   | Violations |
+-----------+----------+-------------------------------+------------+
| TIMING-17 | Warning  | Non-clocked sequential cell   | 44         |
| TIMING-18 | Warning  | Missing input or output delay | 6          |
| TIMING-20 | Warning  | Non-clocked latch             | 100        |
+-----------+----------+-------------------------------+------------+

2. REPORT DETAILS
-----------------
TIMING-17#1 Warning
Non-clocked sequential cell  
The clock pin design_1_i/vga_driver_0/U0/h_cntr_reg_reg[0]/C is not reached by a timing clock
Related violations: <none>

TIMING-17#2 Warning
Non-clocked sequential cell  
The clock pin design_1_i/vga_driver_0/U0/h_cntr_reg_reg[10]/C is not reached by a timing clock
Related violations: <none>

TIMING-17#3 Warning
Non-clocked sequential cell  
The clock pin design_1_i/vga_driver_0/U0/h_cntr_reg_reg[11]/C is not reached by a timing clock
Related violations: <none>

TIMING-17#4 Warning
Non-clocked sequential cell  
The clock pin design_1_i/vga_driver_0/U0/h_cntr_reg_reg[1]/C is not reached by a timing clock
Related violations: <none>

TIMING-17#5 Warning
Non-clocked sequential cell  
The clock pin design_1_i/vga_driver_0/U0/h_cntr_reg_reg[2]/C is not reached by a timing clock
Related violations: <none>

TIMING-17#6 Warning
Non-clocked sequential cell  
The clock pin design_1_i/vga_driver_0/U0/h_cntr_reg_reg[3]/C is not reached by a timing clock
Related violations: <none>

TIMING-17#7 Warning
Non-clocked sequential cell  
The clock pin design_1_i/vga_driver_0/U0/h_cntr_reg_reg[4]/C is not reached by a timing clock
Related violations: <none>

TIMING-17#8 Warning
Non-clocked sequential cell  
The clock pin design_1_i/vga_driver_0/U0/h_cntr_reg_reg[5]/C is not reached by a timing clock
Related violations: <none>

TIMING-17#9 Warning
Non-clocked sequential cell  
The clock pin design_1_i/vga_driver_0/U0/h_cntr_reg_reg[6]/C is not reached by a timing clock
Related violations: <none>

TIMING-17#10 Warning
Non-clocked sequential cell  
The clock pin design_1_i/vga_driver_0/U0/h_cntr_reg_reg[7]/C is not reached by a timing clock
Related violations: <none>

TIMING-17#11 Warning
Non-clocked sequential cell  
The clock pin design_1_i/vga_driver_0/U0/h_cntr_reg_reg[8]/C is not reached by a timing clock
Related violations: <none>

TIMING-17#12 Warning
Non-clocked sequential cell  
The clock pin design_1_i/vga_driver_0/U0/h_cntr_reg_reg[9]/C is not reached by a timing clock
Related violations: <none>

TIMING-17#13 Warning
Non-clocked sequential cell  
The clock pin design_1_i/vga_driver_0/U0/h_sync_dly_reg_reg/C is not reached by a timing clock
Related violations: <none>

TIMING-17#14 Warning
Non-clocked sequential cell  
The clock pin design_1_i/vga_driver_0/U0/h_sync_reg_reg/C is not reached by a timing clock
Related violations: <none>

TIMING-17#15 Warning
Non-clocked sequential cell  
The clock pin design_1_i/vga_driver_0/U0/v_cntr_reg_reg[0]/C is not reached by a timing clock
Related violations: <none>

TIMING-17#16 Warning
Non-clocked sequential cell  
The clock pin design_1_i/vga_driver_0/U0/v_cntr_reg_reg[10]/C is not reached by a timing clock
Related violations: <none>

TIMING-17#17 Warning
Non-clocked sequential cell  
The clock pin design_1_i/vga_driver_0/U0/v_cntr_reg_reg[11]/C is not reached by a timing clock
Related violations: <none>

TIMING-17#18 Warning
Non-clocked sequential cell  
The clock pin design_1_i/vga_driver_0/U0/v_cntr_reg_reg[1]/C is not reached by a timing clock
Related violations: <none>

TIMING-17#19 Warning
Non-clocked sequential cell  
The clock pin design_1_i/vga_driver_0/U0/v_cntr_reg_reg[2]/C is not reached by a timing clock
Related violations: <none>

TIMING-17#20 Warning
Non-clocked sequential cell  
The clock pin design_1_i/vga_driver_0/U0/v_cntr_reg_reg[3]/C is not reached by a timing clock
Related violations: <none>

TIMING-17#21 Warning
Non-clocked sequential cell  
The clock pin design_1_i/vga_driver_0/U0/v_cntr_reg_reg[4]/C is not reached by a timing clock
Related violations: <none>

TIMING-17#22 Warning
Non-clocked sequential cell  
The clock pin design_1_i/vga_driver_0/U0/v_cntr_reg_reg[5]/C is not reached by a timing clock
Related violations: <none>

TIMING-17#23 Warning
Non-clocked sequential cell  
The clock pin design_1_i/vga_driver_0/U0/v_cntr_reg_reg[6]/C is not reached by a timing clock
Related violations: <none>

TIMING-17#24 Warning
Non-clocked sequential cell  
The clock pin design_1_i/vga_driver_0/U0/v_cntr_reg_reg[7]/C is not reached by a timing clock
Related violations: <none>

TIMING-17#25 Warning
Non-clocked sequential cell  
The clock pin design_1_i/vga_driver_0/U0/v_cntr_reg_reg[8]/C is not reached by a timing clock
Related violations: <none>

TIMING-17#26 Warning
Non-clocked sequential cell  
The clock pin design_1_i/vga_driver_0/U0/v_cntr_reg_reg[9]/C is not reached by a timing clock
Related violations: <none>

TIMING-17#27 Warning
Non-clocked sequential cell  
The clock pin design_1_i/vga_driver_0/U0/v_sync_dly_reg_reg/C is not reached by a timing clock
Related violations: <none>

TIMING-17#28 Warning
Non-clocked sequential cell  
The clock pin design_1_i/vga_driver_0/U0/v_sync_reg_reg/C is not reached by a timing clock
Related violations: <none>

TIMING-17#29 Warning
Non-clocked sequential cell  
The clock pin design_1_i/vga_driver_0/U0/vga_blue_reg_reg[0]/C is not reached by a timing clock
Related violations: <none>

TIMING-17#30 Warning
Non-clocked sequential cell  
The clock pin design_1_i/vga_driver_0/U0/vga_blue_reg_reg[1]/C is not reached by a timing clock
Related violations: <none>

TIMING-17#31 Warning
Non-clocked sequential cell  
The clock pin design_1_i/vga_driver_0/U0/vga_blue_reg_reg[2]/C is not reached by a timing clock
Related violations: <none>

TIMING-17#32 Warning
Non-clocked sequential cell  
The clock pin design_1_i/vga_driver_0/U0/vga_blue_reg_reg[3]/C is not reached by a timing clock
Related violations: <none>

TIMING-17#33 Warning
Non-clocked sequential cell  
The clock pin design_1_i/vga_driver_0/U0/vga_blue_reg_reg[4]/C is not reached by a timing clock
Related violations: <none>

TIMING-17#34 Warning
Non-clocked sequential cell  
The clock pin design_1_i/vga_driver_0/U0/vga_green_reg_reg[0]/C is not reached by a timing clock
Related violations: <none>

TIMING-17#35 Warning
Non-clocked sequential cell  
The clock pin design_1_i/vga_driver_0/U0/vga_green_reg_reg[1]/C is not reached by a timing clock
Related violations: <none>

TIMING-17#36 Warning
Non-clocked sequential cell  
The clock pin design_1_i/vga_driver_0/U0/vga_green_reg_reg[2]/C is not reached by a timing clock
Related violations: <none>

TIMING-17#37 Warning
Non-clocked sequential cell  
The clock pin design_1_i/vga_driver_0/U0/vga_green_reg_reg[3]/C is not reached by a timing clock
Related violations: <none>

TIMING-17#38 Warning
Non-clocked sequential cell  
The clock pin design_1_i/vga_driver_0/U0/vga_green_reg_reg[4]/C is not reached by a timing clock
Related violations: <none>

TIMING-17#39 Warning
Non-clocked sequential cell  
The clock pin design_1_i/vga_driver_0/U0/vga_green_reg_reg[5]/C is not reached by a timing clock
Related violations: <none>

TIMING-17#40 Warning
Non-clocked sequential cell  
The clock pin design_1_i/vga_driver_0/U0/vga_red_reg_reg[0]/C is not reached by a timing clock
Related violations: <none>

TIMING-17#41 Warning
Non-clocked sequential cell  
The clock pin design_1_i/vga_driver_0/U0/vga_red_reg_reg[1]/C is not reached by a timing clock
Related violations: <none>

TIMING-17#42 Warning
Non-clocked sequential cell  
The clock pin design_1_i/vga_driver_0/U0/vga_red_reg_reg[2]/C is not reached by a timing clock
Related violations: <none>

TIMING-17#43 Warning
Non-clocked sequential cell  
The clock pin design_1_i/vga_driver_0/U0/vga_red_reg_reg[3]/C is not reached by a timing clock
Related violations: <none>

TIMING-17#44 Warning
Non-clocked sequential cell  
The clock pin design_1_i/vga_driver_0/U0/vga_red_reg_reg[4]/C is not reached by a timing clock
Related violations: <none>

TIMING-18#1 Warning
Missing input or output delay  
An input delay is missing on op[0] relative to clock(s) sys_clk_pin
Related violations: <none>

TIMING-18#2 Warning
Missing input or output delay  
An input delay is missing on op[1] relative to clock(s) sys_clk_pin
Related violations: <none>

TIMING-18#3 Warning
Missing input or output delay  
An input delay is missing on op[2] relative to clock(s) sys_clk_pin
Related violations: <none>

TIMING-18#4 Warning
Missing input or output delay  
An input delay is missing on op[3] relative to clock(s) sys_clk_pin
Related violations: <none>

TIMING-18#5 Warning
Missing input or output delay  
An input delay is missing on rst relative to clock(s) sys_clk_pin
Related violations: <none>

TIMING-18#6 Warning
Missing input or output delay  
An input delay is missing on start relative to clock(s) sys_clk_pin
Related violations: <none>

TIMING-20#1 Warning
Non-clocked latch  
The latch design_1_i/pdi_0/U0/control_unit1/controlador/control_brilho_reg[0] cannot be properly analyzed as its control pin design_1_i/pdi_0/U0/control_unit1/controlador/control_brilho_reg[0]/G is not reached by a timing clock
Related violations: <none>

TIMING-20#2 Warning
Non-clocked latch  
The latch design_1_i/pdi_0/U0/control_unit1/controlador/control_brilho_reg[10] cannot be properly analyzed as its control pin design_1_i/pdi_0/U0/control_unit1/controlador/control_brilho_reg[10]/G is not reached by a timing clock
Related violations: <none>

TIMING-20#3 Warning
Non-clocked latch  
The latch design_1_i/pdi_0/U0/control_unit1/controlador/control_brilho_reg[11] cannot be properly analyzed as its control pin design_1_i/pdi_0/U0/control_unit1/controlador/control_brilho_reg[11]/G is not reached by a timing clock
Related violations: <none>

TIMING-20#4 Warning
Non-clocked latch  
The latch design_1_i/pdi_0/U0/control_unit1/controlador/control_brilho_reg[12] cannot be properly analyzed as its control pin design_1_i/pdi_0/U0/control_unit1/controlador/control_brilho_reg[12]/G is not reached by a timing clock
Related violations: <none>

TIMING-20#5 Warning
Non-clocked latch  
The latch design_1_i/pdi_0/U0/control_unit1/controlador/control_brilho_reg[13] cannot be properly analyzed as its control pin design_1_i/pdi_0/U0/control_unit1/controlador/control_brilho_reg[13]/G is not reached by a timing clock
Related violations: <none>

TIMING-20#6 Warning
Non-clocked latch  
The latch design_1_i/pdi_0/U0/control_unit1/controlador/control_brilho_reg[14] cannot be properly analyzed as its control pin design_1_i/pdi_0/U0/control_unit1/controlador/control_brilho_reg[14]/G is not reached by a timing clock
Related violations: <none>

TIMING-20#7 Warning
Non-clocked latch  
The latch design_1_i/pdi_0/U0/control_unit1/controlador/control_brilho_reg[15] cannot be properly analyzed as its control pin design_1_i/pdi_0/U0/control_unit1/controlador/control_brilho_reg[15]/G is not reached by a timing clock
Related violations: <none>

TIMING-20#8 Warning
Non-clocked latch  
The latch design_1_i/pdi_0/U0/control_unit1/controlador/control_brilho_reg[1] cannot be properly analyzed as its control pin design_1_i/pdi_0/U0/control_unit1/controlador/control_brilho_reg[1]/G is not reached by a timing clock
Related violations: <none>

TIMING-20#9 Warning
Non-clocked latch  
The latch design_1_i/pdi_0/U0/control_unit1/controlador/control_brilho_reg[2] cannot be properly analyzed as its control pin design_1_i/pdi_0/U0/control_unit1/controlador/control_brilho_reg[2]/G is not reached by a timing clock
Related violations: <none>

TIMING-20#10 Warning
Non-clocked latch  
The latch design_1_i/pdi_0/U0/control_unit1/controlador/control_brilho_reg[3] cannot be properly analyzed as its control pin design_1_i/pdi_0/U0/control_unit1/controlador/control_brilho_reg[3]/G is not reached by a timing clock
Related violations: <none>

TIMING-20#11 Warning
Non-clocked latch  
The latch design_1_i/pdi_0/U0/control_unit1/controlador/control_brilho_reg[4] cannot be properly analyzed as its control pin design_1_i/pdi_0/U0/control_unit1/controlador/control_brilho_reg[4]/G is not reached by a timing clock
Related violations: <none>

TIMING-20#12 Warning
Non-clocked latch  
The latch design_1_i/pdi_0/U0/control_unit1/controlador/control_brilho_reg[5] cannot be properly analyzed as its control pin design_1_i/pdi_0/U0/control_unit1/controlador/control_brilho_reg[5]/G is not reached by a timing clock
Related violations: <none>

TIMING-20#13 Warning
Non-clocked latch  
The latch design_1_i/pdi_0/U0/control_unit1/controlador/control_brilho_reg[6] cannot be properly analyzed as its control pin design_1_i/pdi_0/U0/control_unit1/controlador/control_brilho_reg[6]/G is not reached by a timing clock
Related violations: <none>

TIMING-20#14 Warning
Non-clocked latch  
The latch design_1_i/pdi_0/U0/control_unit1/controlador/control_brilho_reg[7] cannot be properly analyzed as its control pin design_1_i/pdi_0/U0/control_unit1/controlador/control_brilho_reg[7]/G is not reached by a timing clock
Related violations: <none>

TIMING-20#15 Warning
Non-clocked latch  
The latch design_1_i/pdi_0/U0/control_unit1/controlador/control_brilho_reg[8] cannot be properly analyzed as its control pin design_1_i/pdi_0/U0/control_unit1/controlador/control_brilho_reg[8]/G is not reached by a timing clock
Related violations: <none>

TIMING-20#16 Warning
Non-clocked latch  
The latch design_1_i/pdi_0/U0/control_unit1/controlador/control_brilho_reg[9] cannot be properly analyzed as its control pin design_1_i/pdi_0/U0/control_unit1/controlador/control_brilho_reg[9]/G is not reached by a timing clock
Related violations: <none>

TIMING-20#17 Warning
Non-clocked latch  
The latch design_1_i/pdi_0/U0/control_unit1/controlador/data_out_reg[0] cannot be properly analyzed as its control pin design_1_i/pdi_0/U0/control_unit1/controlador/data_out_reg[0]/G is not reached by a timing clock
Related violations: <none>

TIMING-20#18 Warning
Non-clocked latch  
The latch design_1_i/pdi_0/U0/control_unit1/controlador/data_out_reg[10] cannot be properly analyzed as its control pin design_1_i/pdi_0/U0/control_unit1/controlador/data_out_reg[10]/G is not reached by a timing clock
Related violations: <none>

TIMING-20#19 Warning
Non-clocked latch  
The latch design_1_i/pdi_0/U0/control_unit1/controlador/data_out_reg[11] cannot be properly analyzed as its control pin design_1_i/pdi_0/U0/control_unit1/controlador/data_out_reg[11]/G is not reached by a timing clock
Related violations: <none>

TIMING-20#20 Warning
Non-clocked latch  
The latch design_1_i/pdi_0/U0/control_unit1/controlador/data_out_reg[12] cannot be properly analyzed as its control pin design_1_i/pdi_0/U0/control_unit1/controlador/data_out_reg[12]/G is not reached by a timing clock
Related violations: <none>

TIMING-20#21 Warning
Non-clocked latch  
The latch design_1_i/pdi_0/U0/control_unit1/controlador/data_out_reg[13] cannot be properly analyzed as its control pin design_1_i/pdi_0/U0/control_unit1/controlador/data_out_reg[13]/G is not reached by a timing clock
Related violations: <none>

TIMING-20#22 Warning
Non-clocked latch  
The latch design_1_i/pdi_0/U0/control_unit1/controlador/data_out_reg[14] cannot be properly analyzed as its control pin design_1_i/pdi_0/U0/control_unit1/controlador/data_out_reg[14]/G is not reached by a timing clock
Related violations: <none>

TIMING-20#23 Warning
Non-clocked latch  
The latch design_1_i/pdi_0/U0/control_unit1/controlador/data_out_reg[15] cannot be properly analyzed as its control pin design_1_i/pdi_0/U0/control_unit1/controlador/data_out_reg[15]/G is not reached by a timing clock
Related violations: <none>

TIMING-20#24 Warning
Non-clocked latch  
The latch design_1_i/pdi_0/U0/control_unit1/controlador/data_out_reg[16] cannot be properly analyzed as its control pin design_1_i/pdi_0/U0/control_unit1/controlador/data_out_reg[16]/G is not reached by a timing clock
Related violations: <none>

TIMING-20#25 Warning
Non-clocked latch  
The latch design_1_i/pdi_0/U0/control_unit1/controlador/data_out_reg[17] cannot be properly analyzed as its control pin design_1_i/pdi_0/U0/control_unit1/controlador/data_out_reg[17]/G is not reached by a timing clock
Related violations: <none>

TIMING-20#26 Warning
Non-clocked latch  
The latch design_1_i/pdi_0/U0/control_unit1/controlador/data_out_reg[18] cannot be properly analyzed as its control pin design_1_i/pdi_0/U0/control_unit1/controlador/data_out_reg[18]/G is not reached by a timing clock
Related violations: <none>

TIMING-20#27 Warning
Non-clocked latch  
The latch design_1_i/pdi_0/U0/control_unit1/controlador/data_out_reg[19] cannot be properly analyzed as its control pin design_1_i/pdi_0/U0/control_unit1/controlador/data_out_reg[19]/G is not reached by a timing clock
Related violations: <none>

TIMING-20#28 Warning
Non-clocked latch  
The latch design_1_i/pdi_0/U0/control_unit1/controlador/data_out_reg[1] cannot be properly analyzed as its control pin design_1_i/pdi_0/U0/control_unit1/controlador/data_out_reg[1]/G is not reached by a timing clock
Related violations: <none>

TIMING-20#29 Warning
Non-clocked latch  
The latch design_1_i/pdi_0/U0/control_unit1/controlador/data_out_reg[20] cannot be properly analyzed as its control pin design_1_i/pdi_0/U0/control_unit1/controlador/data_out_reg[20]/G is not reached by a timing clock
Related violations: <none>

TIMING-20#30 Warning
Non-clocked latch  
The latch design_1_i/pdi_0/U0/control_unit1/controlador/data_out_reg[21] cannot be properly analyzed as its control pin design_1_i/pdi_0/U0/control_unit1/controlador/data_out_reg[21]/G is not reached by a timing clock
Related violations: <none>

TIMING-20#31 Warning
Non-clocked latch  
The latch design_1_i/pdi_0/U0/control_unit1/controlador/data_out_reg[22] cannot be properly analyzed as its control pin design_1_i/pdi_0/U0/control_unit1/controlador/data_out_reg[22]/G is not reached by a timing clock
Related violations: <none>

TIMING-20#32 Warning
Non-clocked latch  
The latch design_1_i/pdi_0/U0/control_unit1/controlador/data_out_reg[23] cannot be properly analyzed as its control pin design_1_i/pdi_0/U0/control_unit1/controlador/data_out_reg[23]/G is not reached by a timing clock
Related violations: <none>

TIMING-20#33 Warning
Non-clocked latch  
The latch design_1_i/pdi_0/U0/control_unit1/controlador/data_out_reg[2] cannot be properly analyzed as its control pin design_1_i/pdi_0/U0/control_unit1/controlador/data_out_reg[2]/G is not reached by a timing clock
Related violations: <none>

TIMING-20#34 Warning
Non-clocked latch  
The latch design_1_i/pdi_0/U0/control_unit1/controlador/data_out_reg[3] cannot be properly analyzed as its control pin design_1_i/pdi_0/U0/control_unit1/controlador/data_out_reg[3]/G is not reached by a timing clock
Related violations: <none>

TIMING-20#35 Warning
Non-clocked latch  
The latch design_1_i/pdi_0/U0/control_unit1/controlador/data_out_reg[4] cannot be properly analyzed as its control pin design_1_i/pdi_0/U0/control_unit1/controlador/data_out_reg[4]/G is not reached by a timing clock
Related violations: <none>

TIMING-20#36 Warning
Non-clocked latch  
The latch design_1_i/pdi_0/U0/control_unit1/controlador/data_out_reg[5] cannot be properly analyzed as its control pin design_1_i/pdi_0/U0/control_unit1/controlador/data_out_reg[5]/G is not reached by a timing clock
Related violations: <none>

TIMING-20#37 Warning
Non-clocked latch  
The latch design_1_i/pdi_0/U0/control_unit1/controlador/data_out_reg[6] cannot be properly analyzed as its control pin design_1_i/pdi_0/U0/control_unit1/controlador/data_out_reg[6]/G is not reached by a timing clock
Related violations: <none>

TIMING-20#38 Warning
Non-clocked latch  
The latch design_1_i/pdi_0/U0/control_unit1/controlador/data_out_reg[7] cannot be properly analyzed as its control pin design_1_i/pdi_0/U0/control_unit1/controlador/data_out_reg[7]/G is not reached by a timing clock
Related violations: <none>

TIMING-20#39 Warning
Non-clocked latch  
The latch design_1_i/pdi_0/U0/control_unit1/controlador/data_out_reg[8] cannot be properly analyzed as its control pin design_1_i/pdi_0/U0/control_unit1/controlador/data_out_reg[8]/G is not reached by a timing clock
Related violations: <none>

TIMING-20#40 Warning
Non-clocked latch  
The latch design_1_i/pdi_0/U0/control_unit1/controlador/data_out_reg[9] cannot be properly analyzed as its control pin design_1_i/pdi_0/U0/control_unit1/controlador/data_out_reg[9]/G is not reached by a timing clock
Related violations: <none>

TIMING-20#41 Warning
Non-clocked latch  
The latch design_1_i/pdi_0/U0/control_unit1/controlador/op_rot_reg[0] cannot be properly analyzed as its control pin design_1_i/pdi_0/U0/control_unit1/controlador/op_rot_reg[0]/G is not reached by a timing clock
Related violations: <none>

TIMING-20#42 Warning
Non-clocked latch  
The latch design_1_i/pdi_0/U0/control_unit1/controlador/op_rot_reg[1] cannot be properly analyzed as its control pin design_1_i/pdi_0/U0/control_unit1/controlador/op_rot_reg[1]/G is not reached by a timing clock
Related violations: <none>

TIMING-20#43 Warning
Non-clocked latch  
The latch design_1_i/pdi_0/U0/control_unit1/controlador/out_op_reg[0] cannot be properly analyzed as its control pin design_1_i/pdi_0/U0/control_unit1/controlador/out_op_reg[0]/G is not reached by a timing clock
Related violations: <none>

TIMING-20#44 Warning
Non-clocked latch  
The latch design_1_i/pdi_0/U0/control_unit1/controlador/out_op_reg[1] cannot be properly analyzed as its control pin design_1_i/pdi_0/U0/control_unit1/controlador/out_op_reg[1]/G is not reached by a timing clock
Related violations: <none>

TIMING-20#45 Warning
Non-clocked latch  
The latch design_1_i/pdi_0/U0/control_unit1/controlador/out_op_reg[2] cannot be properly analyzed as its control pin design_1_i/pdi_0/U0/control_unit1/controlador/out_op_reg[2]/G is not reached by a timing clock
Related violations: <none>

TIMING-20#46 Warning
Non-clocked latch  
The latch design_1_i/pdi_0/U0/control_unit1/controlador/out_op_reg[3] cannot be properly analyzed as its control pin design_1_i/pdi_0/U0/control_unit1/controlador/out_op_reg[3]/G is not reached by a timing clock
Related violations: <none>

TIMING-20#47 Warning
Non-clocked latch  
The latch design_1_i/pdi_0/U0/control_unit1/controlador/ram_we_reg cannot be properly analyzed as its control pin design_1_i/pdi_0/U0/control_unit1/controlador/ram_we_reg/G is not reached by a timing clock
Related violations: <none>

TIMING-20#48 Warning
Non-clocked latch  
The latch design_1_i/pdi_0/U0/control_unit1/controlador/rom_addr_reg[0] cannot be properly analyzed as its control pin design_1_i/pdi_0/U0/control_unit1/controlador/rom_addr_reg[0]/G is not reached by a timing clock
Related violations: <none>

TIMING-20#49 Warning
Non-clocked latch  
The latch design_1_i/pdi_0/U0/control_unit1/controlador/rom_addr_reg[10] cannot be properly analyzed as its control pin design_1_i/pdi_0/U0/control_unit1/controlador/rom_addr_reg[10]/G is not reached by a timing clock
Related violations: <none>

TIMING-20#50 Warning
Non-clocked latch  
The latch design_1_i/pdi_0/U0/control_unit1/controlador/rom_addr_reg[11] cannot be properly analyzed as its control pin design_1_i/pdi_0/U0/control_unit1/controlador/rom_addr_reg[11]/G is not reached by a timing clock
Related violations: <none>

TIMING-20#51 Warning
Non-clocked latch  
The latch design_1_i/pdi_0/U0/control_unit1/controlador/rom_addr_reg[12] cannot be properly analyzed as its control pin design_1_i/pdi_0/U0/control_unit1/controlador/rom_addr_reg[12]/G is not reached by a timing clock
Related violations: <none>

TIMING-20#52 Warning
Non-clocked latch  
The latch design_1_i/pdi_0/U0/control_unit1/controlador/rom_addr_reg[13] cannot be properly analyzed as its control pin design_1_i/pdi_0/U0/control_unit1/controlador/rom_addr_reg[13]/G is not reached by a timing clock
Related violations: <none>

TIMING-20#53 Warning
Non-clocked latch  
The latch design_1_i/pdi_0/U0/control_unit1/controlador/rom_addr_reg[14] cannot be properly analyzed as its control pin design_1_i/pdi_0/U0/control_unit1/controlador/rom_addr_reg[14]/G is not reached by a timing clock
Related violations: <none>

TIMING-20#54 Warning
Non-clocked latch  
The latch design_1_i/pdi_0/U0/control_unit1/controlador/rom_addr_reg[1] cannot be properly analyzed as its control pin design_1_i/pdi_0/U0/control_unit1/controlador/rom_addr_reg[1]/G is not reached by a timing clock
Related violations: <none>

TIMING-20#55 Warning
Non-clocked latch  
The latch design_1_i/pdi_0/U0/control_unit1/controlador/rom_addr_reg[2] cannot be properly analyzed as its control pin design_1_i/pdi_0/U0/control_unit1/controlador/rom_addr_reg[2]/G is not reached by a timing clock
Related violations: <none>

TIMING-20#56 Warning
Non-clocked latch  
The latch design_1_i/pdi_0/U0/control_unit1/controlador/rom_addr_reg[3] cannot be properly analyzed as its control pin design_1_i/pdi_0/U0/control_unit1/controlador/rom_addr_reg[3]/G is not reached by a timing clock
Related violations: <none>

TIMING-20#57 Warning
Non-clocked latch  
The latch design_1_i/pdi_0/U0/control_unit1/controlador/rom_addr_reg[4] cannot be properly analyzed as its control pin design_1_i/pdi_0/U0/control_unit1/controlador/rom_addr_reg[4]/G is not reached by a timing clock
Related violations: <none>

TIMING-20#58 Warning
Non-clocked latch  
The latch design_1_i/pdi_0/U0/control_unit1/controlador/rom_addr_reg[5] cannot be properly analyzed as its control pin design_1_i/pdi_0/U0/control_unit1/controlador/rom_addr_reg[5]/G is not reached by a timing clock
Related violations: <none>

TIMING-20#59 Warning
Non-clocked latch  
The latch design_1_i/pdi_0/U0/control_unit1/controlador/rom_addr_reg[6] cannot be properly analyzed as its control pin design_1_i/pdi_0/U0/control_unit1/controlador/rom_addr_reg[6]/G is not reached by a timing clock
Related violations: <none>

TIMING-20#60 Warning
Non-clocked latch  
The latch design_1_i/pdi_0/U0/control_unit1/controlador/rom_addr_reg[7] cannot be properly analyzed as its control pin design_1_i/pdi_0/U0/control_unit1/controlador/rom_addr_reg[7]/G is not reached by a timing clock
Related violations: <none>

TIMING-20#61 Warning
Non-clocked latch  
The latch design_1_i/pdi_0/U0/control_unit1/controlador/rom_addr_reg[8] cannot be properly analyzed as its control pin design_1_i/pdi_0/U0/control_unit1/controlador/rom_addr_reg[8]/G is not reached by a timing clock
Related violations: <none>

TIMING-20#62 Warning
Non-clocked latch  
The latch design_1_i/pdi_0/U0/control_unit1/controlador/rom_addr_reg[9] cannot be properly analyzed as its control pin design_1_i/pdi_0/U0/control_unit1/controlador/rom_addr_reg[9]/G is not reached by a timing clock
Related violations: <none>

TIMING-20#63 Warning
Non-clocked latch  
The latch design_1_i/pdi_0/U0/control_unit1/controlador/s_brilho_op_reg cannot be properly analyzed as its control pin design_1_i/pdi_0/U0/control_unit1/controlador/s_brilho_op_reg/G is not reached by a timing clock
Related violations: <none>

TIMING-20#64 Warning
Non-clocked latch  
The latch design_1_i/pdi_0/U0/control_unit1/controlador/s_exec_start_reg cannot be properly analyzed as its control pin design_1_i/pdi_0/U0/control_unit1/controlador/s_exec_start_reg/G is not reached by a timing clock
Related violations: <none>

TIMING-20#65 Warning
Non-clocked latch  
The latch design_1_i/pdi_0/U0/control_unit1/controlador/s_exec_start_suav_reg cannot be properly analyzed as its control pin design_1_i/pdi_0/U0/control_unit1/controlador/s_exec_start_suav_reg/G is not reached by a timing clock
Related violations: <none>

TIMING-20#66 Warning
Non-clocked latch  
The latch design_1_i/pdi_0/U0/control_unit1/controlador/s_init_brilho_reg cannot be properly analyzed as its control pin design_1_i/pdi_0/U0/control_unit1/controlador/s_init_brilho_reg/G is not reached by a timing clock
Related violations: <none>

TIMING-20#67 Warning
Non-clocked latch  
The latch design_1_i/pdi_0/U0/control_unit1/controlador/s_init_count_reg cannot be properly analyzed as its control pin design_1_i/pdi_0/U0/control_unit1/controlador/s_init_count_reg/G is not reached by a timing clock
Related violations: <none>

TIMING-20#68 Warning
Non-clocked latch  
The latch design_1_i/pdi_0/U0/control_unit1/controlador/s_loop_reg cannot be properly analyzed as its control pin design_1_i/pdi_0/U0/control_unit1/controlador/s_loop_reg/G is not reached by a timing clock
Related violations: <none>

TIMING-20#69 Warning
Non-clocked latch  
The latch design_1_i/pdi_0/U0/control_unit1/controlador/s_mem_addr_reg[0] cannot be properly analyzed as its control pin design_1_i/pdi_0/U0/control_unit1/controlador/s_mem_addr_reg[0]/G is not reached by a timing clock
Related violations: <none>

TIMING-20#70 Warning
Non-clocked latch  
The latch design_1_i/pdi_0/U0/control_unit1/controlador/s_mem_addr_reg[10] cannot be properly analyzed as its control pin design_1_i/pdi_0/U0/control_unit1/controlador/s_mem_addr_reg[10]/G is not reached by a timing clock
Related violations: <none>

TIMING-20#71 Warning
Non-clocked latch  
The latch design_1_i/pdi_0/U0/control_unit1/controlador/s_mem_addr_reg[11] cannot be properly analyzed as its control pin design_1_i/pdi_0/U0/control_unit1/controlador/s_mem_addr_reg[11]/G is not reached by a timing clock
Related violations: <none>

TIMING-20#72 Warning
Non-clocked latch  
The latch design_1_i/pdi_0/U0/control_unit1/controlador/s_mem_addr_reg[12] cannot be properly analyzed as its control pin design_1_i/pdi_0/U0/control_unit1/controlador/s_mem_addr_reg[12]/G is not reached by a timing clock
Related violations: <none>

TIMING-20#73 Warning
Non-clocked latch  
The latch design_1_i/pdi_0/U0/control_unit1/controlador/s_mem_addr_reg[13] cannot be properly analyzed as its control pin design_1_i/pdi_0/U0/control_unit1/controlador/s_mem_addr_reg[13]/G is not reached by a timing clock
Related violations: <none>

TIMING-20#74 Warning
Non-clocked latch  
The latch design_1_i/pdi_0/U0/control_unit1/controlador/s_mem_addr_reg[14] cannot be properly analyzed as its control pin design_1_i/pdi_0/U0/control_unit1/controlador/s_mem_addr_reg[14]/G is not reached by a timing clock
Related violations: <none>

TIMING-20#75 Warning
Non-clocked latch  
The latch design_1_i/pdi_0/U0/control_unit1/controlador/s_mem_addr_reg[1] cannot be properly analyzed as its control pin design_1_i/pdi_0/U0/control_unit1/controlador/s_mem_addr_reg[1]/G is not reached by a timing clock
Related violations: <none>

TIMING-20#76 Warning
Non-clocked latch  
The latch design_1_i/pdi_0/U0/control_unit1/controlador/s_mem_addr_reg[2] cannot be properly analyzed as its control pin design_1_i/pdi_0/U0/control_unit1/controlador/s_mem_addr_reg[2]/G is not reached by a timing clock
Related violations: <none>

TIMING-20#77 Warning
Non-clocked latch  
The latch design_1_i/pdi_0/U0/control_unit1/controlador/s_mem_addr_reg[3] cannot be properly analyzed as its control pin design_1_i/pdi_0/U0/control_unit1/controlador/s_mem_addr_reg[3]/G is not reached by a timing clock
Related violations: <none>

TIMING-20#78 Warning
Non-clocked latch  
The latch design_1_i/pdi_0/U0/control_unit1/controlador/s_mem_addr_reg[4] cannot be properly analyzed as its control pin design_1_i/pdi_0/U0/control_unit1/controlador/s_mem_addr_reg[4]/G is not reached by a timing clock
Related violations: <none>

TIMING-20#79 Warning
Non-clocked latch  
The latch design_1_i/pdi_0/U0/control_unit1/controlador/s_mem_addr_reg[5] cannot be properly analyzed as its control pin design_1_i/pdi_0/U0/control_unit1/controlador/s_mem_addr_reg[5]/G is not reached by a timing clock
Related violations: <none>

TIMING-20#80 Warning
Non-clocked latch  
The latch design_1_i/pdi_0/U0/control_unit1/controlador/s_mem_addr_reg[6] cannot be properly analyzed as its control pin design_1_i/pdi_0/U0/control_unit1/controlador/s_mem_addr_reg[6]/G is not reached by a timing clock
Related violations: <none>

TIMING-20#81 Warning
Non-clocked latch  
The latch design_1_i/pdi_0/U0/control_unit1/controlador/s_mem_addr_reg[7] cannot be properly analyzed as its control pin design_1_i/pdi_0/U0/control_unit1/controlador/s_mem_addr_reg[7]/G is not reached by a timing clock
Related violations: <none>

TIMING-20#82 Warning
Non-clocked latch  
The latch design_1_i/pdi_0/U0/control_unit1/controlador/s_mem_addr_reg[8] cannot be properly analyzed as its control pin design_1_i/pdi_0/U0/control_unit1/controlador/s_mem_addr_reg[8]/G is not reached by a timing clock
Related violations: <none>

TIMING-20#83 Warning
Non-clocked latch  
The latch design_1_i/pdi_0/U0/control_unit1/controlador/s_mem_addr_reg[9] cannot be properly analyzed as its control pin design_1_i/pdi_0/U0/control_unit1/controlador/s_mem_addr_reg[9]/G is not reached by a timing clock
Related violations: <none>

TIMING-20#84 Warning
Non-clocked latch  
The latch design_1_i/pdi_0/U0/control_unit1/controlador/s_rand_reg[0] cannot be properly analyzed as its control pin design_1_i/pdi_0/U0/control_unit1/controlador/s_rand_reg[0]/G is not reached by a timing clock
Related violations: <none>

TIMING-20#85 Warning
Non-clocked latch  
The latch design_1_i/pdi_0/U0/control_unit1/controlador/s_rand_reg[10] cannot be properly analyzed as its control pin design_1_i/pdi_0/U0/control_unit1/controlador/s_rand_reg[10]/G is not reached by a timing clock
Related violations: <none>

TIMING-20#86 Warning
Non-clocked latch  
The latch design_1_i/pdi_0/U0/control_unit1/controlador/s_rand_reg[11] cannot be properly analyzed as its control pin design_1_i/pdi_0/U0/control_unit1/controlador/s_rand_reg[11]/G is not reached by a timing clock
Related violations: <none>

TIMING-20#87 Warning
Non-clocked latch  
The latch design_1_i/pdi_0/U0/control_unit1/controlador/s_rand_reg[12] cannot be properly analyzed as its control pin design_1_i/pdi_0/U0/control_unit1/controlador/s_rand_reg[12]/G is not reached by a timing clock
Related violations: <none>

TIMING-20#88 Warning
Non-clocked latch  
The latch design_1_i/pdi_0/U0/control_unit1/controlador/s_rand_reg[13] cannot be properly analyzed as its control pin design_1_i/pdi_0/U0/control_unit1/controlador/s_rand_reg[13]/G is not reached by a timing clock
Related violations: <none>

TIMING-20#89 Warning
Non-clocked latch  
The latch design_1_i/pdi_0/U0/control_unit1/controlador/s_rand_reg[14] cannot be properly analyzed as its control pin design_1_i/pdi_0/U0/control_unit1/controlador/s_rand_reg[14]/G is not reached by a timing clock
Related violations: <none>

TIMING-20#90 Warning
Non-clocked latch  
The latch design_1_i/pdi_0/U0/control_unit1/controlador/s_rand_reg[1] cannot be properly analyzed as its control pin design_1_i/pdi_0/U0/control_unit1/controlador/s_rand_reg[1]/G is not reached by a timing clock
Related violations: <none>

TIMING-20#91 Warning
Non-clocked latch  
The latch design_1_i/pdi_0/U0/control_unit1/controlador/s_rand_reg[2] cannot be properly analyzed as its control pin design_1_i/pdi_0/U0/control_unit1/controlador/s_rand_reg[2]/G is not reached by a timing clock
Related violations: <none>

TIMING-20#92 Warning
Non-clocked latch  
The latch design_1_i/pdi_0/U0/control_unit1/controlador/s_rand_reg[3] cannot be properly analyzed as its control pin design_1_i/pdi_0/U0/control_unit1/controlador/s_rand_reg[3]/G is not reached by a timing clock
Related violations: <none>

TIMING-20#93 Warning
Non-clocked latch  
The latch design_1_i/pdi_0/U0/control_unit1/controlador/s_rand_reg[4] cannot be properly analyzed as its control pin design_1_i/pdi_0/U0/control_unit1/controlador/s_rand_reg[4]/G is not reached by a timing clock
Related violations: <none>

TIMING-20#94 Warning
Non-clocked latch  
The latch design_1_i/pdi_0/U0/control_unit1/controlador/s_rand_reg[5] cannot be properly analyzed as its control pin design_1_i/pdi_0/U0/control_unit1/controlador/s_rand_reg[5]/G is not reached by a timing clock
Related violations: <none>

TIMING-20#95 Warning
Non-clocked latch  
The latch design_1_i/pdi_0/U0/control_unit1/controlador/s_rand_reg[6] cannot be properly analyzed as its control pin design_1_i/pdi_0/U0/control_unit1/controlador/s_rand_reg[6]/G is not reached by a timing clock
Related violations: <none>

TIMING-20#96 Warning
Non-clocked latch  
The latch design_1_i/pdi_0/U0/control_unit1/controlador/s_rand_reg[7] cannot be properly analyzed as its control pin design_1_i/pdi_0/U0/control_unit1/controlador/s_rand_reg[7]/G is not reached by a timing clock
Related violations: <none>

TIMING-20#97 Warning
Non-clocked latch  
The latch design_1_i/pdi_0/U0/control_unit1/controlador/s_rand_reg[8] cannot be properly analyzed as its control pin design_1_i/pdi_0/U0/control_unit1/controlador/s_rand_reg[8]/G is not reached by a timing clock
Related violations: <none>

TIMING-20#98 Warning
Non-clocked latch  
The latch design_1_i/pdi_0/U0/control_unit1/controlador/s_rand_reg[9] cannot be properly analyzed as its control pin design_1_i/pdi_0/U0/control_unit1/controlador/s_rand_reg[9]/G is not reached by a timing clock
Related violations: <none>

TIMING-20#99 Warning
Non-clocked latch  
The latch design_1_i/pdi_0/U0/control_unit1/controlador/sel_mux_rgb_reg[0] cannot be properly analyzed as its control pin design_1_i/pdi_0/U0/control_unit1/controlador/sel_mux_rgb_reg[0]/G is not reached by a timing clock
Related violations: <none>

TIMING-20#100 Warning
Non-clocked latch  
The latch design_1_i/pdi_0/U0/control_unit1/controlador/sel_mux_rgb_reg[1] cannot be properly analyzed as its control pin design_1_i/pdi_0/U0/control_unit1/controlador/sel_mux_rgb_reg[1]/G is not reached by a timing clock
Related violations: <none>


